// Jest Snapshot v1, https://goo.gl/fbAQLP

exports[`FeatureMap should render 1`] = `
.emotion-0 {
  --Grid-columns: 12;
  --Grid-columnSpacing: 0px;
  --Grid-rowSpacing: 0px;
  -webkit-flex-direction: column;
  -ms-flex-direction: column;
  flex-direction: column;
  min-width: 0;
  box-sizing: border-box;
  display: -webkit-box;
  display: -webkit-flex;
  display: -ms-flexbox;
  display: flex;
  -webkit-box-flex-wrap: wrap;
  -webkit-flex-wrap: wrap;
  -ms-flex-wrap: wrap;
  flex-wrap: wrap;
  margin: calc(var(--Grid-rowSpacing) / -2) calc(var(--Grid-columnSpacing) / -2);
  margin: 0px;
}

.emotion-1 {
  min-width: 0;
  box-sizing: border-box;
  padding: calc(var(--Grid-rowSpacing) / 2) calc(var(--Grid-columnSpacing) / 2);
  -webkit-box-flex: 1;
  -webkit-flex-grow: 1;
  -ms-flex-positive: 1;
  flex-grow: 1;
}

.emotion-2 {
  min-width: 0;
  box-sizing: border-box;
  padding: calc(var(--Grid-rowSpacing) / 2) calc(var(--Grid-columnSpacing) / 2);
  -webkit-box-flex: 0;
  -webkit-flex-grow: 0;
  -ms-flex-positive: 0;
  flex-grow: 0;
  padding: 8px;
}

<div
  class="contents"
>
  <div
    class="MuiGrid2-root MuiGrid2-container MuiGrid2-direction-xs-column emotion-0"
    style="width: 100%; height: 100%;"
  >
    <div
      class="MuiGrid2-root MuiGrid2-direction-xs-row emotion-1"
    >
      <div
        id="TelicentMap"
        style="position: relative; width: 100%; height: 100%;"
      />
    </div>
    <div
      class="MuiGrid2-root MuiGrid2-direction-xs-row emotion-2"
    />
  </div>
</div>
`;
